openapi: 3.0.0
info:
  title: 'App OpenAPI'
  version: '0.1'
paths:
  /crud:
    get:
      tags:
        - crud
      summary: 列表
      operationId: 983adc57087ec33b3da98a88fbabc379
      responses:
        '200':
          description: OK
tags: []
