[
    {
        "path": "\/openapi",
        "methods": [
            "GET"
        ]
    },
    {
        "path": "\/openapi\/doc",
        "methods": [
            "GET"
        ]
    }
]